\BOOKMARK [1][-]{section.1}{\376\377\000E\000x\000e\000c\000u\000t\000i\000v\000e\000\040\000S\000u\000m\000m\000a\000r\000y}{}% 1
\BOOKMARK [2][-]{subsection.1.1}{\376\377\000P\000r\000o\000j\000e\000c\000t\000\040\000O\000v\000e\000r\000v\000i\000e\000w}{section.1}% 2
\BOOKMARK [2][-]{subsection.1.2}{\376\377\000K\000e\000y\000\040\000A\000c\000h\000i\000e\000v\000e\000m\000e\000n\000t\000s}{section.1}% 3
\BOOKMARK [1][-]{section.2}{\376\377\000M\000e\000t\000h\000o\000d\000o\000l\000o\000g\000y}{}% 4
\BOOKMARK [2][-]{subsection.2.1}{\376\377\000M\000a\000c\000h\000i\000n\000e\000\040\000L\000e\000a\000r\000n\000i\000n\000g\000\040\000P\000i\000p\000e\000l\000i\000n\000e\000\040\000O\000v\000e\000r\000v\000i\000e\000w}{section.2}% 5
\BOOKMARK [2][-]{subsection.2.2}{\376\377\000D\000a\000t\000a\000\040\000C\000u\000r\000a\000t\000i\000o\000n}{section.2}% 6
\BOOKMARK [3][-]{subsubsection.2.2.1}{\376\377\000D\000a\000t\000a\000s\000e\000t\000\040\000S\000t\000r\000u\000c\000t\000u\000r\000e}{subsection.2.2}% 7
\BOOKMARK [3][-]{subsubsection.2.2.2}{\376\377\000M\000i\000s\000s\000i\000n\000g\000\040\000V\000a\000l\000u\000e\000\040\000A\000n\000a\000l\000y\000s\000i\000s}{subsection.2.2}% 8
\BOOKMARK [2][-]{subsection.2.3}{\376\377\000M\000o\000l\000e\000c\000u\000l\000a\000r\000\040\000F\000e\000a\000t\000u\000r\000i\000z\000a\000t\000i\000o\000n}{section.2}% 9
\BOOKMARK [3][-]{subsubsection.2.3.1}{\376\377\000M\000o\000r\000g\000a\000n\000\040\000F\000i\000n\000g\000e\000r\000p\000r\000i\000n\000t\000s\000\040\000\050\000E\000C\000F\000P\0006\000\051}{subsection.2.3}% 10
\BOOKMARK [3][-]{subsubsection.2.3.2}{\376\377\000R\000D\000K\000i\000t\000\040\000P\000h\000y\000s\000i\000c\000o\000c\000h\000e\000m\000i\000c\000a\000l\000\040\000D\000e\000s\000c\000r\000i\000p\000t\000o\000r\000s}{subsection.2.3}% 11
\BOOKMARK [2][-]{subsection.2.4}{\376\377\000P\000r\000e\000d\000i\000c\000t\000i\000v\000e\000\040\000M\000o\000d\000e\000l\000i\000n\000g}{section.2}% 12
\BOOKMARK [3][-]{subsubsection.2.4.1}{\376\377\000A\000l\000g\000o\000r\000i\000t\000h\000m\000\040\000S\000e\000l\000e\000c\000t\000i\000o\000n}{subsection.2.4}% 13
\BOOKMARK [3][-]{subsubsection.2.4.2}{\376\377\000M\000o\000d\000e\000l\000\040\000A\000r\000c\000h\000i\000t\000e\000c\000t\000u\000r\000e}{subsection.2.4}% 14
\BOOKMARK [3][-]{subsubsection.2.4.3}{\376\377\000H\000y\000p\000e\000r\000p\000a\000r\000a\000m\000e\000t\000e\000r\000s}{subsection.2.4}% 15
\BOOKMARK [3][-]{subsubsection.2.4.4}{\376\377\000T\000a\000r\000g\000e\000t\000\040\000T\000r\000a\000n\000s\000f\000o\000r\000m\000a\000t\000i\000o\000n\000s}{subsection.2.4}% 16
\BOOKMARK [3][-]{subsubsection.2.4.5}{\376\377\000V\000a\000l\000i\000d\000a\000t\000i\000o\000n\000\040\000S\000t\000r\000a\000t\000e\000g\000y}{subsection.2.4}% 17
\BOOKMARK [1][-]{section.3}{\376\377\000R\000e\000s\000u\000l\000t\000s}{}% 18
\BOOKMARK [2][-]{subsection.3.1}{\376\377\000M\000o\000d\000e\000l\000\040\000P\000e\000r\000f\000o\000r\000m\000a\000n\000c\000e}{section.3}% 19
\BOOKMARK [2][-]{subsection.3.2}{\376\377\000P\000e\000r\000f\000o\000r\000m\000a\000n\000c\000e\000\040\000A\000n\000a\000l\000y\000s\000i\000s}{section.3}% 20
\BOOKMARK [3][-]{subsubsection.3.2.1}{\376\377\000B\000e\000s\000t\000\040\000P\000e\000r\000f\000o\000r\000m\000i\000n\000g\000\040\000P\000r\000o\000p\000e\000r\000t\000i\000e\000s}{subsection.3.2}% 21
\BOOKMARK [3][-]{subsubsection.3.2.2}{\376\377\000C\000h\000a\000l\000l\000e\000n\000g\000i\000n\000g\000\040\000P\000r\000o\000p\000e\000r\000t\000i\000e\000s}{subsection.3.2}% 22
\BOOKMARK [3][-]{subsubsection.3.2.3}{\376\377\000S\000a\000m\000p\000l\000e\000\040\000S\000i\000z\000e\000\040\000E\000f\000f\000e\000c\000t}{subsection.3.2}% 23
\BOOKMARK [2][-]{subsection.3.3}{\376\377\000F\000e\000a\000t\000u\000r\000e\000\040\000I\000m\000p\000o\000r\000t\000a\000n\000c\000e\000\040\000A\000n\000a\000l\000y\000s\000i\000s}{section.3}% 24
\BOOKMARK [3][-]{subsubsection.3.3.1}{\376\377\000T\000o\000p\000\040\000F\000e\000a\000t\000u\000r\000e\000s\000\040\000b\000y\000\040\000P\000r\000o\000p\000e\000r\000t\000y}{subsection.3.3}% 25
\BOOKMARK [3][-]{subsubsection.3.3.2}{\376\377\000F\000e\000a\000t\000u\000r\000e\000\040\000T\000y\000p\000e\000\040\000D\000i\000s\000t\000r\000i\000b\000u\000t\000i\000o\000n}{subsection.3.3}% 26
\BOOKMARK [1][-]{section.4}{\376\377\000S\000c\000i\000e\000n\000t\000i\000f\000i\000c\000\040\000I\000n\000s\000i\000g\000h\000t\000s}{}% 27
\BOOKMARK [2][-]{subsection.4.1}{\376\377\000M\000o\000l\000e\000c\000u\000l\000a\000r\000\040\000D\000r\000i\000v\000e\000r\000s\000\040\000o\000f\000\040\000A\000D\000M\000E\000T\000\040\000P\000r\000o\000p\000e\000r\000t\000i\000e\000s}{section.4}% 28
\BOOKMARK [3][-]{subsubsection.4.1.1}{\376\377\000L\000o\000g\000D\000\040\000\050\000L\000i\000p\000o\000p\000h\000i\000l\000i\000c\000i\000t\000y\000\051}{subsection.4.1}% 29
\BOOKMARK [3][-]{subsubsection.4.1.2}{\376\377\000K\000i\000n\000e\000t\000i\000c\000\040\000S\000o\000l\000u\000b\000i\000l\000i\000t\000y\000\040\000\050\000K\000S\000o\000l\000\051}{subsection.4.1}% 30
\BOOKMARK [3][-]{subsubsection.4.1.3}{\376\377\000L\000i\000v\000e\000r\000\040\000M\000i\000c\000r\000o\000s\000o\000m\000a\000l\000\040\000C\000l\000e\000a\000r\000a\000n\000c\000e\000\040\000\050\000H\000L\000M\000/\000M\000L\000M\000\051}{subsection.4.1}% 31
\BOOKMARK [3][-]{subsubsection.4.1.4}{\376\377\000C\000a\000c\000o\000-\0002\000\040\000P\000e\000r\000m\000e\000a\000b\000i\000l\000i\000t\000y\000\040\000\050\000P\000a\000p\000p\000,\000\040\000P\000e\000f\000f\000\051}{subsection.4.1}% 32
\BOOKMARK [3][-]{subsubsection.4.1.5}{\376\377\000P\000r\000o\000t\000e\000i\000n\000\040\000B\000i\000n\000d\000i\000n\000g\000\040\000\050\000M\000P\000P\000B\000,\000\040\000M\000B\000P\000B\000,\000\040\000M\000G\000M\000B\000\051}{subsection.4.1}% 33
\BOOKMARK [2][-]{subsection.4.2}{\376\377\000C\000r\000o\000s\000s\000-\000P\000r\000o\000p\000e\000r\000t\000y\000\040\000A\000n\000a\000l\000y\000s\000i\000s}{section.4}% 34
\BOOKMARK [2][-]{subsection.4.3}{\376\377\000I\000m\000p\000l\000i\000c\000a\000t\000i\000o\000n\000s\000\040\000f\000o\000r\000\040\000M\000e\000d\000i\000c\000i\000n\000a\000l\000\040\000C\000h\000e\000m\000i\000s\000t\000r\000y}{section.4}% 35
\BOOKMARK [1][-]{section.5}{\376\377\000T\000e\000s\000t\000\040\000S\000e\000t\000\040\000P\000r\000e\000d\000i\000c\000t\000i\000o\000n\000s}{}% 36
\BOOKMARK [2][-]{subsection.5.1}{\376\377\000P\000r\000e\000d\000i\000c\000t\000i\000o\000n\000\040\000S\000t\000a\000t\000i\000s\000t\000i\000c\000s}{section.5}% 37
\BOOKMARK [2][-]{subsection.5.2}{\376\377\000P\000h\000y\000s\000i\000c\000a\000l\000\040\000C\000o\000n\000s\000t\000r\000a\000i\000n\000t\000\040\000V\000a\000l\000i\000d\000a\000t\000i\000o\000n}{section.5}% 38
\BOOKMARK [2][-]{subsection.5.3}{\376\377\000D\000a\000t\000a\000\040\000I\000n\000t\000e\000g\000r\000i\000t\000y}{section.5}% 39
\BOOKMARK [1][-]{section.6}{\376\377\000C\000o\000n\000c\000l\000u\000s\000i\000o\000n}{}% 40
\BOOKMARK [2][-]{subsection.6.1}{\376\377\000S\000u\000m\000m\000a\000r\000y}{section.6}% 41
\BOOKMARK [2][-]{subsection.6.2}{\376\377\000L\000i\000m\000i\000t\000a\000t\000i\000o\000n\000s}{section.6}% 42
\BOOKMARK [2][-]{subsection.6.3}{\376\377\000F\000u\000t\000u\000r\000e\000\040\000D\000i\000r\000e\000c\000t\000i\000o\000n\000s}{section.6}% 43
\BOOKMARK [1][-]{section.7}{\376\377\000R\000e\000p\000r\000o\000d\000u\000c\000i\000b\000i\000l\000i\000t\000y}{}% 44
